Copyright 1986-2016 Xilinx, Inc. All Rights Reserved.
------------------------------------------------------------------------------------------------------------------------
| Tool Version : Vivado v.2016.2 (win64) Build 1577090 Thu Jun  2 16:32:40 MDT 2016
| Date         : Mon Aug 31 15:17:48 2026
| Host         : szy running 64-bit major release  (build 9200)
| Command      : report_timing_summary -file D:/computer_composition/cpu_54/cpu_54.runs/board_direct/timing_summary.rpt
| Design       : test
| Device       : 7a100t-csg324
| Speed File   : -1  PRODUCTION 1.14 2014-09-11
------------------------------------------------------------------------------------------------------------------------

Timing Summary Report

------------------------------------------------------------------------------------------------
| Timer Settings
| --------------
------------------------------------------------------------------------------------------------

  Enable Multi Corner Analysis               :  Yes
  Enable Pessimism Removal                   :  Yes
  Pessimism Removal Resolution               :  Nearest Common Node
  Enable Input Delay Default Clock           :  No
  Enable Preset / Clear Arcs                 :  No
  Disable Flight Delays                      :  No
  Ignore I/O Paths                           :  No
  Timing Early Launch at Borrowing Latches   :  false

  Corner  Analyze    Analyze    
  Name    Max Paths  Min Paths  
  ------  ---------  ---------  
  Slow    Yes        Yes        
  Fast    Yes        Yes        



check_timing report

Table of Contents
-----------------
1. checking no_clock
2. checking constant_clock
3. checking pulse_width_clock
4. checking unconstrained_internal_endpoints
5. checking no_input_delay
6. checking no_output_delay
7. checking multiple_clock
8. checking generated_clocks
9. checking loops
10. checking partial_input_delay
11. checking partial_output_delay
12. checking latch_loops

1. checking no_clock
--------------------
 There are 3 register/latch pins with no clock driven by root clock pin: seg7x16_ref/cnt_reg[14]/C (HIGH)


2. checking constant_clock
--------------------------
 There are 0 register/latch pins with constant_clock.


3. checking pulse_width_clock
-----------------------------
 There are 0 register/latch pins which need pulse_width check


4. checking unconstrained_internal_endpoints
--------------------------------------------
 There are 6 pins that are not constrained for maximum delay. (HIGH)

 There are 0 pins that are not constrained for maximum delay due to constant clock.


5. checking no_input_delay
--------------------------
 There are 0 input ports with no input delay specified.

 There are 0 input ports with no input delay but user has a false path constraint.


6. checking no_output_delay
---------------------------
 There are 0 ports with no output delay specified.

 There are 0 ports with no output delay but user has a false path constraint

 There are 0 ports with no output delay but with a timing clock defined on it or propagating through it


7. checking multiple_clock
--------------------------
 There are 0 register/latch pins with multiple clocks.


8. checking generated_clocks
----------------------------
 There are 0 generated clocks that are not connected to a clock source.


9. checking loops
-----------------
 There are 0 combinational loops in the design.


10. checking partial_input_delay
--------------------------------
 There are 0 input ports with partial input delay specified.


11. checking partial_output_delay
---------------------------------
 There are 0 ports with partial output delay specified.


12. checking latch_loops
------------------------
 There are 0 combinational latch loops in the design through latch input



------------------------------------------------------------------------------------------------
| Design Timing Summary
| ---------------------
------------------------------------------------------------------------------------------------

    WNS(ns)      TNS(ns)  TNS Failing Endpoints  TNS Total Endpoints      WHS(ns)      THS(ns)  THS Failing Endpoints  THS Total Endpoints     WPWS(ns)     TPWS(ns)  TPWS Failing Endpoints  TPWS Total Endpoints  
    -------      -------  ---------------------  -------------------      -------      -------  ---------------------  -------------------     --------     --------  ----------------------  --------------------  
     18.161        0.000                      0                36985        0.150        0.000                      0                36985       24.500        0.000                       0                 17817  


All user specified timing constraints are met.


------------------------------------------------------------------------------------------------
| Clock Summary
| -------------
------------------------------------------------------------------------------------------------

Clock    Waveform(ns)       Period(ns)      Frequency(MHz)
-----    ------------       ----------      --------------
clk_pin  {0.000 25.000}     50.000          20.000          


------------------------------------------------------------------------------------------------
| Intra Clock Table
| -----------------
------------------------------------------------------------------------------------------------

Clock             WNS(ns)      TNS(ns)  TNS Failing Endpoints  TNS Total Endpoints      WHS(ns)      THS(ns)  THS Failing Endpoints  THS Total Endpoints     WPWS(ns)     TPWS(ns)  TPWS Failing Endpoints  TPWS Total Endpoints  
-----             -------      -------  ---------------------  -------------------      -------      -------  ---------------------  -------------------     --------     --------  ----------------------  --------------------  
clk_pin            18.161        0.000                      0                36931        0.150        0.000                      0                36931       24.500        0.000                       0                 17817  


------------------------------------------------------------------------------------------------
| Inter Clock Table
| -----------------
------------------------------------------------------------------------------------------------

From Clock    To Clock          WNS(ns)      TNS(ns)  TNS Failing Endpoints  TNS Total Endpoints      WHS(ns)      THS(ns)  THS Failing Endpoints  THS Total Endpoints  
----------    --------          -------      -------  ---------------------  -------------------      -------      -------  ---------------------  -------------------  


------------------------------------------------------------------------------------------------
| Other Path Groups Table
| -----------------------
------------------------------------------------------------------------------------------------

Path Group         From Clock         To Clock               WNS(ns)      TNS(ns)  TNS Failing Endpoints  TNS Total Endpoints      WHS(ns)      THS(ns)  THS Failing Endpoints  THS Total Endpoints  
----------         ----------         --------               -------      -------  ---------------------  -------------------      -------      -------  ---------------------  -------------------  
**async_default**  clk_pin            clk_pin                 42.935        0.000                      0                   54        1.836        0.000                      0                   54  


------------------------------------------------------------------------------------------------
| Timing Details
| --------------
------------------------------------------------------------------------------------------------


---------------------------------------------------------------------------------------------------
From Clock:  clk_pin
  To Clock:  clk_pin

Setup :            0  Failing Endpoints,  Worst Slack       18.161ns,  Total Violation        0.000ns
Hold  :            0  Failing Endpoints,  Worst Slack        0.150ns,  Total Violation        0.000ns
PW    :            0  Failing Endpoints,  Worst Slack       24.500ns,  Total Violation        0.000ns
---------------------------------------------------------------------------------------------------


Max Delay Paths
--------------------------------------------------------------------------------------
Slack (MET) :             18.161ns  (required time - arrival time)
  Source:                 cpu_board/sccpu/pc_reg[4]/C
                            (rising edge-triggered cell FDRE clocked by clk_pin  {rise@0.000ns fall@25.000ns period=50.000ns})
  Destination:            cpu_board/dmem/ram_reg[154][17]/D
                            (rising edge-triggered cell FDRE clocked by clk_pin  {rise@0.000ns fall@25.000ns period=50.000ns})
  Path Group:             clk_pin
  Path Type:              Setup (Max at Slow Process Corner)
  Requirement:            50.000ns  (clk_pin rise@50.000ns - clk_pin rise@0.000ns)
  Data Path Delay:        31.798ns  (logic 2.562ns (8.057%)  route 29.236ns (91.943%))
  Logic Levels:           11  (CARRY4=1 LUT2=1 LUT4=1 LUT5=3 LUT6=4 MUXF7=1)
  Clock Path Skew:        0.062ns (DCD - SCD + CPR)
    Destination Clock Delay (DCD):    5.106ns = ( 55.106 - 50.000 ) 
    Source Clock Delay      (SCD):    5.232ns
    Clock Pessimism Removal (CPR):    0.187ns
  Clock Uncertainty:      0.035ns  ((TSJ^2 + TIJ^2)^1/2 + DJ) / 2 + PE
    Total System Jitter     (TSJ):    0.071ns
    Total Input Jitter      (TIJ):    0.000ns
    Discrete Jitter          (DJ):    0.000ns
    Phase Error              (PE):    0.000ns

    Location             Delay type                Incr(ns)  Path(ns)    Netlist Resource(s)
  -------------------------------------------------------------------    -------------------
                         (clock clk_pin rise edge)    0.000     0.000 r  
    E3                                                0.000     0.000 r  clk_in (IN)
                         net (fo=0)                   0.000     0.000    clk_in
    E3                   IBUF (Prop_ibuf_I_O)         1.482     1.482 r  clk_in_IBUF_inst/O
                         net (fo=1, routed)           2.025     3.506    clk_in_IBUF
    BUFGCTRL_X0Y16       BUFG (Prop_bufg_I_O)         0.096     3.602 r  clk_in_IBUF_BUFG_inst/O
                         net (fo=17816, routed)       1.629     5.232    cpu_board/sccpu/CLK
    SLICE_X33Y80         FDRE                                         r  cpu_board/sccpu/pc_reg[4]/C
  -------------------------------------------------------------------    -------------------
    SLICE_X33Y80         FDRE (Prop_fdre_C_Q)         0.456     5.688 r  cpu_board/sccpu/pc_reg[4]/Q
                         net (fo=365, routed)         4.634    10.321    cpu_board/imem/imem/U0/a[2]
    SLICE_X32Y110        LUT6 (Prop_lut6_I2_O)        0.124    10.445 r  cpu_board/imem/imem/U0/g7_b9/O
                         net (fo=2, routed)           0.801    11.246    cpu_board/imem/imem/U0/g7_b9_n_0
    SLICE_X31Y110        LUT6 (Prop_lut6_I0_O)        0.124    11.370 r  cpu_board/imem/imem/U0/spo[4]_INST_0_i_5/O
                         net (fo=1, routed)           0.615    11.985    cpu_board/imem/imem/U0/spo[4]_INST_0_i_5_n_0
    SLICE_X31Y109        LUT6 (Prop_lut6_I3_O)        0.124    12.109 r  cpu_board/imem/imem/U0/spo[4]_INST_0_i_1/O
                         net (fo=1, routed)           0.000    12.109    cpu_board/imem/imem/U0/spo[4]_INST_0_i_1_n_0
    SLICE_X31Y109        MUXF7 (Prop_muxf7_I0_O)      0.212    12.321 r  cpu_board/imem/imem/U0/spo[4]_INST_0/O
                         net (fo=63, routed)          3.905    16.225    cpu_board/sccpu/cpu_ref/spo[4]
    SLICE_X41Y80         LUT2 (Prop_lut2_I1_O)        0.299    16.524 r  cpu_board/sccpu/cpu_ref/ram[0][31]_i_13/O
                         net (fo=1, routed)           0.000    16.524    cpu_board/sccpu/cpu_ref/ram[0][31]_i_13_n_0
    SLICE_X41Y80         CARRY4 (Prop_carry4_S[0]_O[1])
                                                      0.424    16.948 r  cpu_board/sccpu/cpu_ref/ram_reg[0][31]_i_3/O[1]
                         net (fo=1169, routed)        4.516    21.465    cpu_board/sccpu/cpu_ref/ram_reg[322][31][1]
    SLICE_X47Y38         LUT4 (Prop_lut4_I0_O)        0.303    21.768 f  cpu_board/sccpu/cpu_ref/ram[52][31]_i_2/O
                         net (fo=21, routed)          4.349    26.116    cpu_board/sccpu/cpu_ref/ram[52][31]_i_2_n_0
    SLICE_X42Y82         LUT5 (Prop_lut5_I0_O)        0.124    26.240 f  cpu_board/sccpu/cpu_ref/ram[0][15]_i_10/O
                         net (fo=3, routed)           1.109    27.349    cpu_board/sccpu/cpu_ref/ram[0][15]_i_10_n_0
    SLICE_X43Y83         LUT5 (Prop_lut5_I2_O)        0.124    27.473 f  cpu_board/sccpu/cpu_ref/ram[0][31]_i_15/O
                         net (fo=37, routed)          1.163    28.637    cpu_board/sccpu/cpu_ref/ram_reg[256][31]
    SLICE_X38Y74         LUT5 (Prop_lut5_I4_O)        0.124    28.761 r  cpu_board/sccpu/cpu_ref/ram[0][23]_i_5/O
                         net (fo=64, routed)          3.736    32.496    cpu_board/sccpu/cpu_ref/ram[0][23]_i_5_n_0
    SLICE_X43Y39         LUT6 (Prop_lut6_I5_O)        0.124    32.620 r  cpu_board/sccpu/cpu_ref/ram[128][17]_i_1/O
                         net (fo=64, routed)          4.409    37.029    cpu_board/dmem/array_reg_reg[27][7]_0[17]
    SLICE_X41Y0          FDRE                                         r  cpu_board/dmem/ram_reg[154][17]/D
  -------------------------------------------------------------------    -------------------

                         (clock clk_pin rise edge)   50.000    50.000 r  
    E3                                                0.000    50.000 r  clk_in (IN)
                         net (fo=0)                   0.000    50.000    clk_in
    E3                   IBUF (Prop_ibuf_I_O)         1.411    51.411 r  clk_in_IBUF_inst/O
                         net (fo=1, routed)           1.920    53.331    clk_in_IBUF
    BUFGCTRL_X0Y16       BUFG (Prop_bufg_I_O)         0.091    53.422 r  clk_in_IBUF_BUFG_inst/O
                         net (fo=17816, routed)       1.684    55.106    cpu_board/dmem/CLK
    SLICE_X41Y0          FDRE                                         r  cpu_board/dmem/ram_reg[154][17]/C
                         clock pessimism              0.187    55.293    
                         clock uncertainty           -0.035    55.258    
    SLICE_X41Y0          FDRE (Setup_fdre_C_D)       -0.067    55.191    cpu_board/dmem/ram_reg[154][17]
  -------------------------------------------------------------------
                         required time                         55.191    
                         arrival time                         -37.029    
  -------------------------------------------------------------------
                         slack                                 18.161    





Min Delay Paths
--------------------------------------------------------------------------------------
Slack (MET) :             0.150ns  (arrival time - required time)
  Source:                 cpu_board/sccpu/div_quotient_reg[3]/C
                            (rising edge-triggered cell FDRE clocked by clk_pin  {rise@0.000ns fall@25.000ns period=50.000ns})
  Destination:            cpu_board/sccpu/lo_reg[4]/D
                            (rising edge-triggered cell FDRE clocked by clk_pin  {rise@0.000ns fall@25.000ns period=50.000ns})
  Path Group:             clk_pin
  Path Type:              Hold (Min at Fast Process Corner)
  Requirement:            0.000ns  (clk_pin rise@0.000ns - clk_pin rise@0.000ns)
  Data Path Delay:        0.255ns  (logic 0.186ns (73.059%)  route 0.069ns (26.941%))
  Logic Levels:           1  (LUT5=1)
  Clock Path Skew:        0.013ns (DCD - SCD - CPR)
    Destination Clock Delay (DCD):    1.991ns
    Source Clock Delay      (SCD):    1.478ns
    Clock Pessimism Removal (CPR):    0.499ns

    Location             Delay type                Incr(ns)  Path(ns)    Netlist Resource(s)
  -------------------------------------------------------------------    -------------------
                         (clock clk_pin rise edge)    0.000     0.000 r  
    E3                                                0.000     0.000 r  clk_in (IN)
                         net (fo=0)                   0.000     0.000    clk_in
    E3                   IBUF (Prop_ibuf_I_O)         0.250     0.250 r  clk_in_IBUF_inst/O
                         net (fo=1, routed)           0.644     0.894    clk_in_IBUF
    BUFGCTRL_X0Y16       BUFG (Prop_bufg_I_O)         0.026     0.920 r  clk_in_IBUF_BUFG_inst/O
                         net (fo=17816, routed)       0.559     1.478    cpu_board/sccpu/CLK
    SLICE_X29Y74         FDRE                                         r  cpu_board/sccpu/div_quotient_reg[3]/C
  -------------------------------------------------------------------    -------------------
    SLICE_X29Y74         FDRE (Prop_fdre_C_Q)         0.141     1.619 r  cpu_board/sccpu/div_quotient_reg[3]/Q
                         net (fo=3, routed)           0.069     1.688    cpu_board/sccpu/cpu_ref/div_quot_next[3]
    SLICE_X28Y74         LUT5 (Prop_lut5_I4_O)        0.045     1.733 r  cpu_board/sccpu/cpu_ref/lo[4]_i_1/O
                         net (fo=1, routed)           0.000     1.733    cpu_board/sccpu/cpu_ref_n_1140
    SLICE_X28Y74         FDRE                                         r  cpu_board/sccpu/lo_reg[4]/D
  -------------------------------------------------------------------    -------------------

                         (clock clk_pin rise edge)    0.000     0.000 r  
    E3                                                0.000     0.000 r  clk_in (IN)
                         net (fo=0)                   0.000     0.000    clk_in
    E3                   IBUF (Prop_ibuf_I_O)         0.438     0.438 r  clk_in_IBUF_inst/O
                         net (fo=1, routed)           0.699     1.136    clk_in_IBUF
    BUFGCTRL_X0Y16       BUFG (Prop_bufg_I_O)         0.029     1.165 r  clk_in_IBUF_BUFG_inst/O
                         net (fo=17816, routed)       0.826     1.991    cpu_board/sccpu/CLK
    SLICE_X28Y74         FDRE                                         r  cpu_board/sccpu/lo_reg[4]/C
                         clock pessimism             -0.499     1.491    
    SLICE_X28Y74         FDRE (Hold_fdre_C_D)         0.092     1.583    cpu_board/sccpu/lo_reg[4]
  -------------------------------------------------------------------
                         required time                         -1.583    
                         arrival time                           1.733    
  -------------------------------------------------------------------
                         slack                                  0.150    





Pulse Width Checks
--------------------------------------------------------------------------------------
Clock Name:         clk_pin
Waveform(ns):       { 0.000 25.000 }
Period(ns):         50.000
Sources:            { clk_in }

Check Type        Corner  Lib Pin  Reference Pin  Required(ns)  Actual(ns)  Slack(ns)  Location        Pin
Min Period        n/a     BUFG/I   n/a            2.155         50.000      47.845     BUFGCTRL_X0Y16  clk_in_IBUF_BUFG_inst/I
Low Pulse Width   Fast    FDRE/C   n/a            0.500         25.000      24.500     SLICE_X1Y37     cpu_board/dmem/ram_reg[360][17]/C
High Pulse Width  Slow    FDRE/C   n/a            0.500         25.000      24.500     SLICE_X62Y11    cpu_board/dmem/ram_reg[225][30]/C



---------------------------------------------------------------------------------------------------
Path Group:  **async_default**
From Clock:  clk_pin
  To Clock:  clk_pin

Setup :            0  Failing Endpoints,  Worst Slack       42.935ns,  Total Violation        0.000ns
Hold  :            0  Failing Endpoints,  Worst Slack        1.836ns,  Total Violation        0.000ns
---------------------------------------------------------------------------------------------------


Max Delay Paths
--------------------------------------------------------------------------------------
Slack (MET) :             42.935ns  (required time - arrival time)
  Source:                 reset
                            (input port clocked by clk_pin  {rise@0.000ns fall@25.000ns period=50.000ns})
  Destination:            seg7x16_ref/i_data_store_reg[6]/CLR
                            (recovery check against rising-edge clock clk_pin  {rise@0.000ns fall@25.000ns period=50.000ns})
  Path Group:             **async_default**
  Path Type:              Recovery (Max at Slow Process Corner)
  Requirement:            50.000ns  (clk_pin rise@50.000ns - clk_pin rise@0.000ns)
  Data Path Delay:        10.606ns  (logic 1.477ns (13.922%)  route 9.130ns (86.078%))
  Logic Levels:           1  (IBUF=1)
  Input Delay:            1.000ns
  Clock Path Skew:        4.938ns (DCD - SCD + CPR)
    Destination Clock Delay (DCD):    4.938ns = ( 54.938 - 50.000 ) 
    Source Clock Delay      (SCD):    0.000ns
    Clock Pessimism Removal (CPR):    0.000ns
  Clock Uncertainty:      0.035ns  ((TSJ^2 + TIJ^2)^1/2 + DJ) / 2 + PE
    Total System Jitter     (TSJ):    0.071ns
    Total Input Jitter      (TIJ):    0.000ns
    Discrete Jitter          (DJ):    0.000ns
    Phase Error              (PE):    0.000ns

    Location             Delay type                Incr(ns)  Path(ns)    Netlist Resource(s)
  -------------------------------------------------------------------    -------------------
                         (clock clk_pin rise edge)    0.000     0.000 r  
                         input delay                  1.000     1.000    
    N17                                               0.000     1.000 f  reset (IN)
                         net (fo=0)                   0.000     1.000    reset
    N17                  IBUF (Prop_ibuf_I_O)         1.477     2.477 f  reset_IBUF_inst/O
                         net (fo=1347, routed)        9.130    11.606    seg7x16_ref/AS[0]
    SLICE_X34Y87         FDCE                                         f  seg7x16_ref/i_data_store_reg[6]/CLR
  -------------------------------------------------------------------    -------------------

                         (clock clk_pin rise edge)   50.000    50.000 r  
    E3                                                0.000    50.000 r  clk_in (IN)
                         net (fo=0)                   0.000    50.000    clk_in
    E3                   IBUF (Prop_ibuf_I_O)         1.411    51.411 r  clk_in_IBUF_inst/O
                         net (fo=1, routed)           1.920    53.331    clk_in_IBUF
    BUFGCTRL_X0Y16       BUFG (Prop_bufg_I_O)         0.091    53.422 r  clk_in_IBUF_BUFG_inst/O
                         net (fo=17816, routed)       1.515    54.938    seg7x16_ref/CLK
    SLICE_X34Y87         FDCE                                         r  seg7x16_ref/i_data_store_reg[6]/C
                         clock pessimism              0.000    54.938    
                         clock uncertainty           -0.035    54.902    
    SLICE_X34Y87         FDCE (Recov_fdce_C_CLR)     -0.361    54.541    seg7x16_ref/i_data_store_reg[6]
  -------------------------------------------------------------------
                         required time                         54.541    
                         arrival time                         -11.606    
  -------------------------------------------------------------------
                         slack                                 42.935    





Min Delay Paths
--------------------------------------------------------------------------------------
Slack (MET) :             1.836ns  (arrival time - required time)
  Source:                 reset
                            (input port clocked by clk_pin  {rise@0.000ns fall@25.000ns period=50.000ns})
  Destination:            seg7x16_ref/i_data_store_reg[14]/CLR
                            (removal check against rising-edge clock clk_pin  {rise@0.000ns fall@25.000ns period=50.000ns})
  Path Group:             **async_default**
  Path Type:              Removal (Min at Fast Process Corner)
  Requirement:            0.000ns  (clk_pin rise@0.000ns - clk_pin rise@0.000ns)
  Data Path Delay:        2.745ns  (logic 0.244ns (8.904%)  route 2.501ns (91.096%))
  Logic Levels:           1  (IBUF=1)
  Input Delay:            1.000ns
  Clock Path Skew:        2.002ns (DCD - SCD - CPR)
    Destination Clock Delay (DCD):    2.002ns
    Source Clock Delay      (SCD):    0.000ns
    Clock Pessimism Removal (CPR):    -0.000ns

    Location             Delay type                Incr(ns)  Path(ns)    Netlist Resource(s)
  -------------------------------------------------------------------    -------------------
                         (clock clk_pin rise edge)    0.000     0.000 r  
                         input delay                  1.000     1.000    
    N17                                               0.000     1.000 f  reset (IN)
                         net (fo=0)                   0.000     1.000    reset
    N17                  IBUF (Prop_ibuf_I_O)         0.244     1.244 f  reset_IBUF_inst/O
                         net (fo=1347, routed)        2.501     3.745    seg7x16_ref/AS[0]
    SLICE_X33Y85         FDCE                                         f  seg7x16_ref/i_data_store_reg[14]/CLR
  -------------------------------------------------------------------    -------------------

                         (clock clk_pin rise edge)    0.000     0.000 r  
    E3                                                0.000     0.000 r  clk_in (IN)
                         net (fo=0)                   0.000     0.000    clk_in
    E3                   IBUF (Prop_ibuf_I_O)         0.438     0.438 r  clk_in_IBUF_inst/O
                         net (fo=1, routed)           0.699     1.136    clk_in_IBUF
    BUFGCTRL_X0Y16       BUFG (Prop_bufg_I_O)         0.029     1.165 r  clk_in_IBUF_BUFG_inst/O
                         net (fo=17816, routed)       0.837     2.002    seg7x16_ref/CLK
    SLICE_X33Y85         FDCE                                         r  seg7x16_ref/i_data_store_reg[14]/C
                         clock pessimism              0.000     2.002    
    SLICE_X33Y85         FDCE (Remov_fdce_C_CLR)     -0.092     1.910    seg7x16_ref/i_data_store_reg[14]
  -------------------------------------------------------------------
                         required time                         -1.910    
                         arrival time                           3.745    
  -------------------------------------------------------------------
                         slack                                  1.836    





