# do {postsim_tb_compile.do}
# Model Technology ModelSim PE vmap 10.4c Lib Mapping Utility 2015.07 Jul 20 2015
# vmap xil_defaultlib msim/xil_defaultlib 
# Modifying modelsim.ini
# ** Warning: (vlog-159) Mode option -64 is not supported in this context and will be ignored.
# 
# Model Technology ModelSim PE vlog 10.4c Compiler 2015.07 Jul 20 2015
# Start time: 11:15:21 on Sep 01,2026
# vlog -64 -incr -work xil_defaultlib postsim_tb_time_synth.v ../../../../cpu_54.srcs/sim_1/new/postsim_tb.v 
# -- Compiling module imem
# -- Compiling module postsim_top
# -- Compiling module regfile
# -- Compiling module sccpu
# -- Compiling module scdatamem
# -- Compiling module scinstmem
# -- Compiling module imem_dist_mem_gen_v8_0_10
# -- Compiling module glbl
# -- Compiling module postsim_tb
# 
# Top level modules:
# 	glbl
# 	postsim_tb
# End time: 11:15:22 on Sep 01,2026, Elapsed time: 0:00:01
# Errors: 0, Warnings: 1
