# do {postsim_tb_simulate.do}
# vsim -voptargs=""+acc"" "+transport_int_delays" "+pulse_r/0" "+pulse_int_r/0" -L simprims_ver -L secureip -L xil_defaultlib -lib xil_defaultlib xil_defaultlib.postsim_tb xil_defaultlib.glbl 
# Start time: 11:15:40 on Sep 01,2026
# Loading xil_defaultlib.postsim_tb
# Loading xil_defaultlib.postsim_top
# Loading simprims_ver.BUFG
# Loading simprims_ver.IBUF
# Loading xil_defaultlib.scdatamem
# Loading simprims_ver.LUT5
# Loading simprims_ver.LUT4
# Loading simprims_ver.MUXF7
# Loading simprims_ver.LUT6
# Loading simprims_ver.FDRE
# Loading simprims_ver.MUXF8
# Loading xil_defaultlib.scinstmem
# Loading simprims_ver.LUT3
# Loading simprims_ver.LUT2
# Loading xil_defaultlib.imem
# Loading xil_defaultlib.imem_dist_mem_gen_v8_0_10
# Loading simprims_ver.GND
# Loading simprims_ver.LUT1
# Loading simprims_ver.CARRY4
# Loading simprims_ver.OBUF
# Loading xil_defaultlib.sccpu
# Loading xil_defaultlib.regfile
# Loading simprims_ver.DSP48E1
# Loading simprims_ver.FDSE
# Loading xil_defaultlib.glbl
# SDF 10.4c Compiler 2015.07 Jul 20 2015
# 
# Loading instances from postsim_tb_time_synth.sdf
# Loading simprims_ver.sffsrce_fdre
# Loading simprims_ver.x_lut3_mux4
# Loading simprims_ver.x_lut2_mux4
# Loading simprims_ver.x_lut1_mux2
# Loading simprims_ver.sffsrce_fdse
# Loading timing data from postsim_tb_time_synth.sdf
# ** Note: (vsim-3587) SDF Backannotation Successfully Completed.
#    Time: 0 ps  Iteration: 0  Instance: /postsim_tb File: ../../../../cpu_54.srcs/sim_1/new/postsim_tb.v
# ** Warning: (vsim-3316) No solution possible for some delayed timing check nets. 106426 negative limits were zeroed. Use +ntc_warn for more info.
#    Time: 0 ps  Iteration: 0  Instance: /postsim_tb File: ../../../../cpu_54.srcs/sim_1/new/postsim_tb.v
# .main_pane.wave.interior.cs.body.pw.wf
# .main_pane.structure.interior.cs.body.struct
# .main_pane.objects.interior.cs.body.tree
# ** Warning: (vsim-3533) [FOFIW] - Failed to open file "tmp/postsim_xsim/postsim_result.txt" for writing.
# 
# No such file or directory. (errno = ENOENT)    : ../../../../cpu_54.srcs/sim_1/new/postsim_tb.v(25)
#    Time: 0 ps  Iteration: 0  Instance: /postsim_tb
# ** Note: $finish    : ../../../../cpu_54.srcs/sim_1/new/postsim_tb.v(45)
#    Time: 12876 ns  Iteration: 0  Instance: /postsim_tb
# End time: 11:23:15 on Sep 01,2026, Elapsed time: 0:07:35
# Errors: 0, Warnings: 2
