# do {_246tb_ex10_tb_compile.do}
# Model Technology ModelSim PE vmap 10.4c Lib Mapping Utility 2015.07 Jul 20 2015
# vmap dist_mem_gen_v8_0_10 msim/dist_mem_gen_v8_0_10 
# Modifying modelsim.ini
# Model Technology ModelSim PE vmap 10.4c Lib Mapping Utility 2015.07 Jul 20 2015
# vmap xil_defaultlib msim/xil_defaultlib 
# Modifying modelsim.ini
# ** Warning: (vlog-159) Mode option -64 is not supported in this context and will be ignored.
# 
# Model Technology ModelSim PE vlog 10.4c Compiler 2015.07 Jul 20 2015
# Start time: 10:28:43 on Sep 01,2026
# vlog -64 -incr -work dist_mem_gen_v8_0_10 ../../../cpu_54.ip_user_files/ipstatic/dist_mem_gen_v8_0_10/simulation/dist_mem_gen_v8_0.v 
# -- Compiling module dist_mem_gen_v8_0_10
# 
# Top level modules:
# 	dist_mem_gen_v8_0_10
# End time: 10:28:44 on Sep 01,2026, Elapsed time: 0:00:01
# Errors: 0, Warnings: 1
# ** Warning: (vlog-159) Mode option -64 is not supported in this context and will be ignored.
# 
# Model Technology ModelSim PE vlog 10.4c Compiler 2015.07 Jul 20 2015
# Start time: 10:28:44 on Sep 01,2026
# vlog -64 -incr -work xil_defaultlib ../../../cpu_54.srcs/sources_1/ip/imem/sim/imem.v ../../../cpu_54.srcs/sources_1/new/regfile.v ../../../cpu_54.srcs/sources_1/new/scinstmem.v ../../../cpu_54.srcs/sources_1/new/sccpu.v ../../../cpu_54.srcs/sources_1/new/scdatamem.v ../../../cpu_54.srcs/sources_1/new/sccomp_dataflow.v ../../../cpu_54.srcs/sim_1/new/testbench_cpu54_single.v 
# -- Compiling module imem
# -- Compiling module regfile
# -- Compiling module scinstmem
# -- Compiling module sccpu
# -- Compiling module scdatamem
# -- Compiling module sccomp_dataflow
# -- Compiling module _246tb_ex10_tb
# 
# Top level modules:
# 	_246tb_ex10_tb
# End time: 10:28:44 on Sep 01,2026, Elapsed time: 0:00:00
# Errors: 0, Warnings: 1
# Model Technology ModelSim PE vlog 10.4c Compiler 2015.07 Jul 20 2015
# Start time: 10:28:44 on Sep 01,2026
# vlog -work xil_defaultlib glbl.v 
# -- Compiling module glbl
# 
# Top level modules:
# 	glbl
# End time: 10:28:44 on Sep 01,2026, Elapsed time: 0:00:00
# Errors: 0, Warnings: 0
